  C20: 1 duals; running heights {2: 1}; agree 1; disagree 0   [0s]
  C22 : generator error b''
  C24: 1 duals; running heights {2: 2}; agree 2; disagree 0   [0s]
  C26: 1 duals; running heights {2: 3}; agree 3; disagree 0   [0s]
  C28: 2 duals; running heights {2: 5}; agree 5; disagree 0   [0s]
  C30: 3 duals; running heights {2: 8}; agree 8; disagree 0   [0s]
  C32: 6 duals; running heights {2: 14}; agree 14; disagree 0   [0s]
  C34: 6 duals; running heights {2: 20}; agree 20; disagree 0   [0s]
  C36: 15 duals; running heights {2: 35}; agree 35; disagree 0   [0s]
  C38: 17 duals; running heights {2: 52}; agree 52; disagree 0   [0s]
  C40: 40 duals; running heights {2: 92}; agree 92; disagree 0   [1s]
  C42: 45 duals; running heights {2: 137}; agree 137; disagree 0   [1s]
  C44: 89 duals; running heights {2: 226}; agree 226; disagree 0   [3s]
  C46: 116 duals; running heights {2: 342}; agree 342; disagree 0   [4s]
  C48: 199 duals; running heights {2: 541}; agree 541; disagree 0   [7s]
  C50: 271 duals; running heights {2: 812}; agree 812; disagree 0   [11s]
  C52: 437 duals; running heights {2: 1249}; agree 1249; disagree 0   [17s]
  C54: 580 duals; running heights {2: 1829}; agree 1829; disagree 0   [26s]
  C56: 924 duals; running heights {2: 2753}; agree 2753; disagree 0   [42s]
  C58: 1205 duals; running heights {2: 3958}; agree 3958; disagree 0   [64s]
  C60: 1812 duals; running heights {2: 5769, 1: 1}; agree 5770; disagree 0   [98s]
  C60 ipr: 1 duals; running heights {2: 5769, 1: 2}; agree 5770; disagree 0   [98s]
  C62 ipr: generator error b''
  C64 ipr: generator error b''
  C66 ipr: generator error b''
  C68 ipr: generator error b''
  C70 ipr: 1 duals; running heights {2: 5770, 1: 2}; agree 5771; disagree 0   [98s]
  C72 ipr: 1 duals; running heights {2: 5770, 1: 3}; agree 5772; disagree 0   [98s]
  C74 ipr: 1 duals; running heights {2: 5771, 1: 3}; agree 5773; disagree 0   [99s]
  C76 ipr: 2 duals; running heights {2: 5773, 1: 3}; agree 5775; disagree 0   [99s]
  C78 ipr: 5 duals; running heights {2: 5777, 1: 4}; agree 5780; disagree 0   [99s]
  C80 ipr: 7 duals; running heights {2: 5784, 1: 4}; agree 5787; disagree 0   [99s]
  C82 ipr: 9 duals; running heights {2: 5793, 1: 4}; agree 5796; disagree 0   [99s]
  C84 ipr: 24 duals; running heights {2: 5815, 1: 6}; agree 5820; disagree 0   [100s]
  C86 ipr: 19 duals; running heights {2: 5834, 1: 6}; agree 5839; disagree 0   [101s]
  C88 ipr: 35 duals; running heights {2: 5869, 1: 6}; agree 5874; disagree 0   [102s]
  C90 ipr: 46 duals; running heights {2: 5912, 1: 9}; agree 5920; disagree 0   [103s]
  C92 ipr: 86 duals; running heights {2: 5998, 1: 9}; agree 6006; disagree 0   [106s]
  C94 ipr: 134 duals; running heights {2: 6132, 1: 9}; agree 6140; disagree 0   [111s]
  C96 ipr: 187 duals; running heights {2: 6313, 1: 15}; agree 6327; disagree 0   [118s]
  C98 ipr: 259 duals; running heights {2: 6572, 1: 15}; agree 6586; disagree 0   [128s]
  C100 ipr: 450 duals; running heights {2: 7022, 1: 15}; agree 7036; disagree 0   [146s]

TOTAL 7037 duals: height histogram {2: 7022, 1: 15}; height-1 ⟺ class_zero agrees on 7036; DISAGREE 0 []
SCORE: PASS — tower height = confinement verdict on the census
