  n11 g2 #1: colorings 0 closed 1060 {'transport': 972, 'cocycle': 88} image {'3': 14, '4': 88, '12': 958} theta0 88 ratio 7.24:1 D None one-floor fails 958   [17s]
  n11 g2 #2837: colorings 0 closed 740 {'transport': 700, 'cocycle': 40} image {'3': 6, '4': 40, '12': 694} theta0 40 ratio 4.57:1 D None one-floor fails 694   [30s]
  n11 g2 #5673: colorings 0 closed 952 {'transport': 906, 'cocycle': 46} image {'3': 8, '4': 46, '12': 898} theta0 46 ratio 4.06:1 D None one-floor fails 898   [45s]
  n11 g2 #8509: colorings 0 closed 948 {'transport': 876, 'cocycle': 72} image {'3': 8, '4': 72, '12': 868} theta0 72 ratio 6.58:1 D None one-floor fails 868   [59s]
  n11 g2 #11345: colorings 0 closed 780 {'transport': 756, 'cocycle': 24} image {'3': 12, '4': 24, '12': 744} theta0 24 ratio 2.54:1 D None one-floor fails 744   [73s]
  n11 g2 #14181: colorings 0 closed 892 {'cocycle': 52, 'transport': 840} image {'3': 12, '4': 52, '12': 828} theta0 52 ratio 4.95:1 D None one-floor fails 828   [87s]
  n11 g2 #17017: colorings 0 closed 882 {'transport': 842, 'cocycle': 40} image {'3': 42, '4': 40, '12': 800} theta0 40 ratio 3.8:1 D None one-floor fails 800   [101s]
  n11 g2 #19853: colorings 0 closed 1488 {'transport': 1428, 'cocycle': 60} image {'3': 14, '4': 60, '12': 1414} theta0 60 ratio 3.36:1 D None one-floor fails 1414   [118s]
  n11 g2 #22689: colorings 0 closed 1402 {'transport': 1336, 'cocycle': 66} image {'2': 2, '3': 22, '4': 64, '12': 1314} theta0 66 ratio 3.95:1 D None one-floor fails 1314   [135s]
  n11 g2 #25525: colorings 0 closed 1280 {'transport': 1208, 'cocycle': 72} image {'3': 42, '4': 72, '12': 1166} theta0 72 ratio 4.77:1 D None one-floor fails 1166   [151s]
  n11 g2 #28361: colorings 0 closed 1584 {'transport': 1530, 'cocycle': 54} image {'3': 24, '4': 54, '12': 1506} theta0 54 ratio 2.82:1 D None one-floor fails 1506   [168s]
  n11 g2 #31197: colorings 0 closed 1524 {'transport': 1424, 'cocycle': 100} image {'3': 26, '4': 100, '12': 1398} theta0 100 ratio 5.62:1 D None one-floor fails 1398   [185s]
  n11 g2 #34033: colorings 0 closed 1392 {'transport': 1280, 'cocycle': 112} image {'3': 34, '4': 112, '12': 1246} theta0 112 ratio 7.0:1 D None one-floor fails 1246   [201s]
  n11 g2 #36869: colorings 0 closed 1302 {'cocycle': 52, 'transport': 1250} image {'2': 4, '3': 12, '4': 48, '12': 1238} theta0 52 ratio 3.33:1 D None one-floor fails 1238   [217s]
  n11 g2 #39705: colorings 0 closed 1468 {'transport': 1370, 'cocycle': 98} image {'3': 22, '4': 98, '12': 1348} theta0 98 ratio 5.72:1 D None one-floor fails 1348   [234s]
  n11 g2 #42541: colorings 0 closed 1260 {'transport': 1186, 'cocycle': 74} image {'3': 14, '4': 74, '12': 1172} theta0 74 ratio 4.99:1 D None one-floor fails 1172   [249s]
  n11 g2 #45377: colorings 0 closed 1226 {'transport': 1172, 'cocycle': 54} image {'2': 2, '3': 46, '4': 52, '12': 1126} theta0 54 ratio 3.69:1 D None one-floor fails 1126   [265s]
  n11 g2 #48213: colorings 0 closed 1192 {'transport': 1126, 'cocycle': 66} image {'3': 6, '4': 66, '12': 1120} theta0 66 ratio 4.69:1 D None one-floor fails 1120   [280s]
  n11 g2 #51049: colorings 0 closed 1418 {'transport': 1348, 'cocycle': 70} image {'3': 18, '4': 70, '12': 1330} theta0 70 ratio 4.15:1 D None one-floor fails 1330   [296s]
  n11 g2 #53885: colorings 0 closed 1076 {'transport': 1006, 'cocycle': 70} image {'3': 16, '4': 70, '12': 990} theta0 70 ratio 5.57:1 D None one-floor fails 990   [311s]
  n11 g2 #56722: colorings 0 closed 1392 {'transport': 1350, 'cocycle': 42} image {'3': 8, '4': 42, '12': 1342} theta0 42 ratio 2.49:1 D None one-floor fails 1342   [327s]
  n11 g2 #59558: colorings 0 closed 1160 {'transport': 1092, 'cocycle': 68} image {'3': 34, '4': 68, '12': 1058} theta0 68 ratio 4.98:1 D None one-floor fails 1058   [342s]
  n11 g2 #62394: colorings 0 closed 952 {'transport': 912, 'cocycle': 40} image {'3': 20, '4': 40, '12': 892} theta0 40 ratio 3.51:1 D None one-floor fails 892   [356s]
  n11 g2 #65230: colorings 0 closed 956 {'transport': 908, 'cocycle': 48} image {'3': 16, '4': 48, '12': 892} theta0 48 ratio 4.23:1 D None one-floor fails 892   [371s]
  n11 g2 #68066: colorings 0 closed 1020 {'transport': 968, 'cocycle': 52} image {'2': 4, '3': 28, '4': 48, '12': 940} theta0 52 ratio 4.3:1 D None one-floor fails 940   [385s]
  n11 g2 #70902: colorings 0 closed 1096 {'cocycle': 52, 'transport': 1044} image {'3': 26, '4': 52, '12': 1018} theta0 52 ratio 3.98:1 D None one-floor fails 1018   [400s]
  n11 g2 #73738: colorings 0 closed 1036 {'transport': 982, 'cocycle': 54} image {'2': 12, '3': 96, '4': 42, '12': 886} theta0 54 ratio 4.4:1 D None one-floor fails 886   [414s]
  n11 g2 #76574: colorings 0 closed 950 {'transport': 866, 'cocycle': 84} image {'2': 4, '3': 6, '4': 80, '12': 860} theta0 84 ratio 7.76:1 D None one-floor fails 860   [429s]
  n11 g2 #79410: colorings 0 closed 1068 {'transport': 1032, 'cocycle': 36} image {'3': 12, '4': 36, '12': 1020} theta0 36 ratio 2.79:1 D None one-floor fails 1020   [444s]
  n11 g2 #82246: colorings 0 closed 942 {'transport': 890, 'cocycle': 52} image {'2': 2, '3': 24, '4': 50, '12': 866} theta0 52 ratio 4.67:1 D None one-floor fails 866   [458s]
  n11 g2 #85082: colorings 0 closed 1280 {'transport': 1188, 'cocycle': 92} image {'3': 46, '4': 92, '12': 1142} theta0 92 ratio 6.2:1 D None one-floor fails 1142   [473s]
  n11 g2 #87918: colorings 0 closed 1132 {'transport': 1054, 'cocycle': 78} image {'3': 20, '4': 78, '12': 1034} theta0 78 ratio 5.92:1 D None one-floor fails 1034   [488s]
  n11 g2 #90754: colorings 0 closed 1008 {'transport': 960, 'cocycle': 48} image {'3': 8, '4': 48, '12': 952} theta0 48 ratio 4.0:1 D None one-floor fails 952   [502s]
  n11 g2 #93590: colorings 0 closed 1040 {'transport': 1008, 'cocycle': 32} image {'3': 38, '4': 32, '12': 970} theta0 32 ratio 2.54:1 D None one-floor fails 970   [516s]
  n11 g2 #96452: colorings 0 closed 1204 {'transport': 1172, 'cocycle': 32} image {'3': 14, '4': 32, '12': 1158} theta0 32 ratio 2.18:1 D None one-floor fails 1158   [532s]
  n11 g2 #99290: colorings 0 closed 1328 {'transport': 1234, 'cocycle': 94} image {'3': 18, '4': 94, '12': 1216} theta0 94 ratio 6.09:1 D None one-floor fails 1216   [548s]
  n11 g2 #102127: colorings 0 closed 1128 {'transport': 1064, 'cocycle': 64} image {'2': 8, '3': 32, '4': 56, '12': 1032} theta0 64 ratio 4.81:1 D None one-floor fails 1032   [562s]
  n11 g2 #104965: colorings 0 closed 1026 {'transport': 970, 'cocycle': 56} image {'2': 4, '3': 28, '4': 52, '12': 942} theta0 56 ratio 4.62:1 D None one-floor fails 942   [577s]
  n11 g2 #107812: colorings 0 closed 1414 {'transport': 1348, 'cocycle': 66} image {'3': 50, '4': 66, '12': 1298} theta0 66 ratio 3.92:1 D None one-floor fails 1298   [593s]
  n11 g2 #110653: colorings 0 closed 1408 {'transport': 1348, 'cocycle': 60} image {'3': 22, '4': 60, '12': 1326} theta0 60 ratio 3.56:1 D None one-floor fails 1326   [609s]
[n=11 genus 2, 40 colorable triangulations] footprint {'transport': 43946, 'cocycle': 2460} image shares {k: round(v/tot,4) for k,v in sorted(im.items())} Mednykh {1: 0.0002, 2: 0.0084, 3: 0.0595, 4: 0.0391, 12: 0.8929}
SCORE: REPORTED
