  n11 g2 #55326: colorings 24 closed 1128 {'transport': 1072, 'cocycle': 54, 'realized': 2} image {'1': 2, '2': 14, '3': 94, '4': 40, '12': 978} theta0 56 ratio 4.18:1 D 9.14 one-floor fails 978   [17s]
  n11 g2 #93609: colorings 24 closed 1140 {'cocycle': 70, 'transport': 1068, 'realized': 2} image {'1': 2, '2': 6, '3': 98, '4': 64, '12': 970} theta0 72 ratio 5.39:1 D 9.155 one-floor fails 970   [32s]
  n11 g2 #93610: colorings 24 closed 1136 {'transport': 1076, 'cocycle': 58, 'realized': 2} image {'1': 2, '2': 6, '3': 134, '4': 52, '12': 942} theta0 60 ratio 4.46:1 D 9.15 one-floor fails 942   [46s]
  n11 g2 #93611: colorings 24 closed 1154 {'transport': 1110, 'cocycle': 42, 'realized': 2} image {'1': 2, '2': 8, '3': 152, '4': 34, '12': 958} theta0 44 ratio 3.17:1 D 9.172 one-floor fails 958   [61s]
  n11 g2 #93612: colorings 24 closed 1182 {'transport': 1122, 'cocycle': 58, 'realized': 2} image {'1': 2, '2': 10, '3': 102, '4': 48, '12': 1020} theta0 60 ratio 4.28:1 D 9.207 one-floor fails 1020   [76s]
  n11 g2 #93613: colorings 24 closed 1092 {'transport': 1042, 'realized': 2, 'cocycle': 48} image {'1': 2, '2': 8, '3': 150, '4': 40, '12': 892} theta0 50 ratio 3.84:1 D 9.093 one-floor fails 892   [90s]
  n11 g2 #93674: colorings 24 closed 986 {'transport': 914, 'cocycle': 70, 'realized': 2} image {'1': 2, '2': 20, '3': 122, '4': 50, '12': 792} theta0 72 ratio 6.3:1 D 8.945 one-floor fails 792   [104s]
  n11 g2 #93705: colorings 24 closed 938 {'transport': 884, 'cocycle': 52, 'realized': 2} image {'1': 2, '2': 10, '3': 88, '4': 42, '12': 796} theta0 54 ratio 4.89:1 D 8.873 one-floor fails 796   [119s]
  n11 g2 #94161: colorings 24 closed 974 {'transport': 920, 'cocycle': 52, 'realized': 2} image {'1': 2, '2': 18, '3': 44, '4': 34, '12': 876} theta0 54 ratio 4.7:1 D 8.928 one-floor fails 876   [133s]
  n11 g2 #94231: colorings 24 closed 1086 {'transport': 1042, 'cocycle': 42, 'realized': 2} image {'1': 2, '2': 14, '3': 174, '4': 28, '12': 868} theta0 44 ratio 3.38:1 D 9.085 one-floor fails 868   [148s]
  n11 g2 #94366: colorings 24 closed 1048 {'transport': 1000, 'cocycle': 46, 'realized': 2} image {'1': 2, '2': 6, '3': 86, '4': 40, '12': 914} theta0 48 ratio 3.84:1 D 9.033 one-floor fails 914   [163s]
  n11 g2 #94369: colorings 24 closed 1188 {'transport': 1136, 'cocycle': 50, 'realized': 2} image {'1': 2, '2': 10, '3': 94, '4': 40, '12': 1042} theta0 52 ratio 3.66:1 D 9.214 one-floor fails 1042   [179s]
  n11 g2 #94538: colorings 24 closed 1010 {'transport': 960, 'cocycle': 48, 'realized': 2} image {'1': 2, '2': 10, '3': 84, '4': 38, '12': 876} theta0 50 ratio 4.17:1 D 8.98 one-floor fails 876   [193s]
  n11 g2 #94539: colorings 24 closed 1158 {'transport': 1098, 'cocycle': 58, 'realized': 2} image {'1': 2, '2': 14, '3': 66, '4': 44, '12': 1032} theta0 60 ratio 4.37:1 D 9.177 one-floor fails 1032   [209s]
  n11 g2 #95229: colorings 24 closed 1238 {'transport': 1174, 'cocycle': 62, 'realized': 2} image {'1': 2, '2': 12, '3': 182, '4': 50, '12': 992} theta0 64 ratio 4.36:1 D 9.274 one-floor fails 992   [224s]
  n11 g2 #95230: colorings 24 closed 1180 {'transport': 1118, 'realized': 2, 'cocycle': 60} image {'1': 2, '2': 14, '3': 110, '4': 46, '12': 1008} theta0 62 ratio 4.44:1 D 9.205 one-floor fails 1008   [240s]
  n11 g2 #95234: colorings 24 closed 1100 {'transport': 1030, 'cocycle': 68, 'realized': 2} image {'1': 2, '2': 12, '3': 124, '4': 56, '12': 906} theta0 70 ratio 5.44:1 D 9.103 one-floor fails 906   [255s]
  n11 g2 #95235: colorings 24 closed 1194 {'transport': 1120, 'cocycle': 72, 'realized': 2} image {'1': 2, '2': 14, '3': 82, '4': 58, '12': 1038} theta0 74 ratio 5.29:1 D 9.222 one-floor fails 1038   [270s]
  n11 g2 #95269: colorings 24 closed 1148 {'transport': 1080, 'cocycle': 66, 'realized': 2} image {'1': 2, '2': 12, '3': 108, '4': 54, '12': 972} theta0 68 ratio 5.04:1 D 9.165 one-floor fails 972   [286s]
  n11 g2 #95727: colorings 24 closed 1218 {'transport': 1154, 'cocycle': 62, 'realized': 2} image {'1': 2, '2': 4, '3': 148, '4': 58, '12': 1006} theta0 64 ratio 4.44:1 D 9.25 one-floor fails 1006   [301s]
  n11 g2 #95775: colorings 24 closed 1236 {'transport': 1140, 'cocycle': 94, 'realized': 2} image {'1': 2, '2': 8, '3': 92, '4': 86, '12': 1048} theta0 96 ratio 6.74:1 D 9.271 one-floor fails 1048   [317s]
  n11 g2 #95776: colorings 24 closed 1156 {'transport': 1086, 'realized': 2, 'cocycle': 68} image {'1': 2, '2': 8, '3': 136, '4': 60, '12': 950} theta0 70 ratio 5.16:1 D 9.175 one-floor fails 950   [332s]
  n11 g2 #95781: colorings 24 closed 1302 {'transport': 1206, 'cocycle': 94, 'realized': 2} image {'1': 2, '2': 6, '3': 108, '4': 88, '12': 1098} theta0 96 ratio 6.37:1 D 9.347 one-floor fails 1098   [347s]
  n11 g2 #95945: colorings 24 closed 1112 {'transport': 1050, 'cocycle': 60, 'realized': 2} image {'1': 2, '2': 10, '3': 96, '4': 50, '12': 954} theta0 62 ratio 4.72:1 D 9.119 one-floor fails 954   [362s]
  n11 g2 #95946: colorings 24 closed 1262 {'transport': 1204, 'cocycle': 56, 'realized': 2} image {'1': 2, '2': 6, '3': 162, '4': 50, '12': 1042} theta0 58 ratio 3.85:1 D 9.301 one-floor fails 1042   [378s]
  n11 g2 #95953: colorings 24 closed 1038 {'transport': 980, 'cocycle': 56, 'realized': 2} image {'1': 2, '2': 10, '3': 86, '4': 46, '12': 894} theta0 58 ratio 4.73:1 D 9.02 one-floor fails 894   [392s]
  n11 g2 #95954: colorings 24 closed 1250 {'transport': 1186, 'cocycle': 62, 'realized': 2} image {'1': 2, '2': 14, '3': 164, '4': 48, '12': 1022} theta0 64 ratio 4.32:1 D 9.288 one-floor fails 1022   [408s]
  n11 g2 #96896: colorings 24 closed 1238 {'cocycle': 94, 'transport': 1142, 'realized': 2} image {'1': 2, '2': 6, '3': 92, '4': 88, '12': 1050} theta0 96 ratio 6.73:1 D 9.274 one-floor fails 1050   [423s]
  n11 g2 #96902: colorings 24 closed 1092 {'transport': 1024, 'cocycle': 66, 'realized': 2} image {'1': 2, '2': 12, '3': 94, '4': 54, '12': 930} theta0 68 ratio 5.31:1 D 9.093 one-floor fails 930   [439s]
  n11 g2 #101411: colorings 24 closed 1166 {'transport': 1092, 'cocycle': 72, 'realized': 2} image {'1': 2, '2': 14, '3': 64, '4': 58, '12': 1028} theta0 74 ratio 5.42:1 D 9.187 one-floor fails 1028   [454s]
  n11 g2 #102214: colorings 24 closed 1018 {'transport': 946, 'cocycle': 70, 'realized': 2} image {'1': 2, '2': 20, '3': 122, '4': 50, '12': 824} theta0 72 ratio 6.09:1 D 8.992 one-floor fails 824   [468s]
  n11 g2 #104093: colorings 24 closed 1198 {'transport': 1136, 'cocycle': 60, 'realized': 2} image {'1': 2, '2': 22, '3': 194, '4': 38, '12': 942} theta0 62 ratio 4.37:1 D 9.226 one-floor fails 942   [484s]
  n11 g2 #105631: colorings 24 closed 1186 {'cocycle': 86, 'transport': 1098, 'realized': 2} image {'1': 2, '2': 10, '3': 120, '4': 76, '12': 978} theta0 88 ratio 6.41:1 D 9.212 one-floor fails 978   [499s]
  n11 g2 #105632: colorings 24 closed 1272 {'transport': 1192, 'cocycle': 78, 'realized': 2} image {'1': 2, '2': 10, '3': 166, '4': 68, '12': 1026} theta0 80 ratio 5.37:1 D 9.313 one-floor fails 1026   [514s]
  n11 g2 #105725: colorings 24 closed 1144 {'transport': 1084, 'cocycle': 58, 'realized': 2} image {'1': 2, '2': 14, '3': 112, '4': 44, '12': 972} theta0 60 ratio 4.43:1 D 9.16 one-floor fails 972   [529s]
  n11 g2 #105726: colorings 24 closed 1132 {'cocycle': 68, 'transport': 1062, 'realized': 2} image {'1': 2, '2': 14, '3': 80, '4': 54, '12': 982} theta0 70 ratio 5.27:1 D 9.145 one-floor fails 982   [544s]
  n11 g2 #105764: colorings 24 closed 1376 {'cocycle': 102, 'transport': 1272, 'realized': 2} image {'1': 2, '2': 14, '3': 110, '4': 88, '12': 1162} theta0 104 ratio 6.54:1 D 9.426 one-floor fails 1162   [560s]
  n11 g2 #106654: colorings 24 closed 1916 {'transport': 1716, 'cocycle': 198, 'realized': 2} image {'1': 2, '2': 18, '3': 174, '4': 180, '12': 1542} theta0 200 ratio 9.32:1 D 9.904 one-floor fails 1542   [578s]
  n11 g2 #106668: colorings 24 closed 1662 {'transport': 1570, 'cocycle': 90, 'realized': 2} image {'1': 2, '2': 6, '3': 92, '4': 84, '12': 1478} theta0 92 ratio 4.69:1 D 9.699 one-floor fails 1478   [595s]
  n11 g2 #106714: colorings 24 closed 1758 {'transport': 1666, 'cocycle': 90, 'realized': 2} image {'1': 2, '3': 88, '4': 90, '12': 1578} theta0 92 ratio 4.42:1 D 9.78 one-floor fails 1578   [613s]
  n11 g2 #106945: colorings 24 closed 1410 {'transport': 1362, 'cocycle': 46, 'realized': 2} image {'1': 2, '2': 8, '3': 282, '4': 38, '12': 1080} theta0 48 ratio 2.82:1 D 9.461 one-floor fails 1080   [628s]
  n11 g2 #107127: colorings 24 closed 1416 {'transport': 1340, 'cocycle': 74, 'realized': 2} image {'1': 2, '2': 16, '3': 98, '4': 58, '12': 1242} theta0 76 ratio 4.54:1 D 9.468 one-floor fails 1242   [645s]
  n11 g2 #107753: colorings 24 closed 1434 {'transport': 1346, 'cocycle': 86, 'realized': 2} image {'1': 2, '2': 12, '3': 180, '4': 74, '12': 1166} theta0 88 ratio 5.23:1 D 9.486 one-floor fails 1166   [661s]
  n11 g2 #108080: colorings 48 closed 1922 {'cocycle': 196, 'transport': 1722, 'realized': 4} image {'1': 4, '2': 16, '3': 220, '4': 180, '12': 1502} theta0 200 ratio 9.29:1 D 8.908 one-floor fails 1502   [679s]
  n11 g2 #108111: colorings 24 closed 1556 {'transport': 1456, 'cocycle': 98, 'realized': 2} image {'1': 2, '2': 6, '3': 184, '4': 92, '12': 1272} theta0 100 ratio 5.49:1 D 9.604 one-floor fails 1272   [695s]
  n11 g2 #108220: colorings 48 closed 1446 {'transport': 1342, 'cocycle': 100, 'realized': 4} image {'1': 4, '2': 4, '3': 208, '4': 96, '12': 1134} theta0 104 ratio 6.2:1 D 8.498 one-floor fails 1134   [711s]
  n11 g2 #108221: colorings 24 closed 1302 {'transport': 1234, 'cocycle': 66, 'realized': 2} image {'1': 2, '2': 6, '3': 182, '4': 60, '12': 1052} theta0 68 ratio 4.41:1 D 9.347 one-floor fails 1052   [727s]
  n11 g2 #108222: colorings 24 closed 1398 {'transport': 1318, 'cocycle': 78, 'realized': 2} image {'1': 2, '2': 2, '3': 102, '4': 76, '12': 1216} theta0 80 ratio 4.86:1 D 9.449 one-floor fails 1216   [743s]
  n11 g2 #112590: colorings 24 closed 1420 {'transport': 1360, 'cocycle': 58, 'realized': 2} image {'1': 2, '2': 16, '3': 164, '4': 42, '12': 1196} theta0 60 ratio 3.53:1 D 9.472 one-floor fails 1196   [759s]
  n11 g2 #112596: colorings 24 closed 1252 {'transport': 1204, 'cocycle': 46, 'realized': 2} image {'1': 2, '2': 10, '3': 78, '4': 36, '12': 1126} theta0 48 ratio 3.19:1 D 9.29 one-floor fails 1126   [775s]
  n11 g2 #112640: colorings 24 closed 1156 {'transport': 1098, 'cocycle': 56, 'realized': 2} image {'1': 2, '2': 16, '3': 54, '4': 40, '12': 1044} theta0 58 ratio 4.23:1 D 9.175 one-floor fails 1044   [790s]
  n11 g2 #112647: colorings 24 closed 1296 {'transport': 1220, 'cocycle': 74, 'realized': 2} image {'1': 2, '2': 16, '3': 78, '4': 58, '12': 1142} theta0 76 ratio 4.98:1 D 9.34 one-floor fails 1142   [805s]
  n11 g2 #112838: colorings 24 closed 1330 {'cocycle': 82, 'transport': 1246, 'realized': 2} image {'1': 2, '2': 18, '3': 64, '4': 64, '12': 1182} theta0 84 ratio 5.39:1 D 9.377 one-floor fails 1182   [821s]
  n11 g2 #112860: colorings 24 closed 1176 {'transport': 1122, 'cocycle': 52, 'realized': 2} image {'1': 2, '2': 18, '3': 50, '4': 34, '12': 1072} theta0 54 ratio 3.85:1 D 9.2 one-floor fails 1072   [837s]
  n11 g2 #112979: colorings 24 closed 1290 {'transport': 1210, 'cocycle': 78, 'realized': 2} image {'1': 2, '2': 14, '3': 88, '4': 64, '12': 1122} theta0 80 ratio 5.29:1 D 9.333 one-floor fails 1122   [853s]
  n11 g2 #113032: colorings 24 closed 1478 {'transport': 1368, 'realized': 2, 'cocycle': 108} image {'1': 2, '2': 14, '3': 114, '4': 94, '12': 1254} theta0 110 ratio 6.43:1 D 9.529 one-floor fails 1254   [869s]
  n11 g2 #113052: colorings 24 closed 1562 {'transport': 1452, 'cocycle': 108, 'realized': 2} image {'1': 2, '2': 14, '3': 128, '4': 94, '12': 1324} theta0 110 ratio 6.06:1 D 9.609 one-floor fails 1324   [886s]
  n11 g2 #113063: colorings 24 closed 1354 {'transport': 1254, 'cocycle': 98, 'realized': 2} image {'1': 2, '2': 6, '3': 114, '4': 92, '12': 1140} theta0 100 ratio 6.38:1 D 9.403 one-floor fails 1140   [902s]
  n11 g2 #113085: colorings 24 closed 1454 {'transport': 1370, 'cocycle': 82, 'realized': 2} image {'1': 2, '2': 18, '3': 98, '4': 64, '12': 1272} theta0 84 ratio 4.91:1 D 9.506 one-floor fails 1272   [918s]
  n11 g2 #113098: colorings 24 closed 1196 {'transport': 1142, 'cocycle': 52, 'realized': 2} image {'1': 2, '2': 18, '3': 64, '4': 34, '12': 1078} theta0 54 ratio 3.78:1 D 9.224 one-floor fails 1078   [933s]
  n11 g2 #113173: colorings 24 closed 1342 {'transport': 1290, 'realized': 2, 'cocycle': 50} image {'1': 2, '2': 6, '3': 274, '4': 44, '12': 1016} theta0 52 ratio 3.22:1 D 9.39 one-floor fails 1016   [949s]
  n11 g2 #113178: colorings 24 closed 1572 {'transport': 1508, 'cocycle': 62, 'realized': 2} image {'1': 2, '2': 22, '3': 298, '4': 40, '12': 1210} theta0 64 ratio 3.4:1 D 9.618 one-floor fails 1210   [965s]
  n11 g2 #113300: colorings 24 closed 1540 {'transport': 1484, 'cocycle': 54, 'realized': 2} image {'1': 2, '2': 34, '3': 402, '4': 20, '12': 1082} theta0 56 ratio 3.02:1 D 9.589 one-floor fails 1082   [981s]
[n=11 genus 2, 63 colorable triangulations] footprint {'transport': 75420, 'cocycle': 4564, 'realized': 130} image shares {k: round(v/tot,4) for k,v in sorted(im.items())} Mednykh {1: 0.0002, 2: 0.0084, 3: 0.0595, 4: 0.0391, 12: 0.8929}
SCORE: REPORTED
